***** External Functions *****
1    AddFontRegistrationToLog                           isrt.obl(Misc.obs)
2    AppSearch                                          isrt.obl(Driver.obs)
3    CCPSearch                                          isrt.obl(Driver.obs)
4    ChangeDirectory                                    isrt.obl(Files.obs)
5    CloseFile                                          isrt.obl(Files.obs)
6    CmdGetHwndDlg                                      isrt.obl(CustomDialog.obs)
7    ComponentAddFileToLog                              isrt.obl(component.obs)
8    ComponentCompareSizeRequired                       isrt.obl(component.obs)
9    ComponentGetData                                   isrt.obl(component.obs)
10   ComponentGetTotalCost                              isrt.obl(component.obs)
11   ComponentIsItemSelected                            isrt.obl(component.obs)
12   ComponentListItems                                 isrt.obl(component.obs)
13   ComponentSelectItem                                isrt.obl(component.obs)
14   ComponentTreeInit                                  isrt.obl(Dialogs.obs)
15   CreateDir                                          isrt.obl(Files.obs)
16   CreateFile                                         isrt.obl(Files.obs)
17   CreateInstallationInfo                             isrt.obl(Registry.obs)
18   CreateRegistrySet                                  isrt.obl(Feature.obs)
19   CtrlGetNotificationCode                            isrt.obl(CustomDialog.obs)
20   CtrlGetState                                       isrt.obl(CustomDialog.obs)
21   CtrlGetText                                        isrt.obl(CustomDialog.obs)
22   CtrlSelectText                                     isrt.obl(CustomDialog.obs)
23   CtrlSetState                                       isrt.obl(CustomDialog.obs)
24   CtrlSetText                                        isrt.obl(CustomDialog.obs)
25   DIFxDriverPackageUninstall                         isrt.obl(ISDIFx.obs)
26   DRMINSTALLERPRO.DRMInstallPRO                      isrt.obl(Activation.obs)
27   DRMINSTALLERPRO.DRMUnInstallPRO                    isrt.obl(Activation.obs)
28   DefineDialog                                       isrt.obl(CustomDialog.obs)
29   Delay                                              isrt.obl(Misc.obs)
30   DeleteFile                                         isrt.obl(Files.obs)
31   DeleteSingleFile                                   isrt.obl(Files.obs)
32   DialogSetDefaultFont                               isrt.obl(Dialogs.obs)
33   DialogSetFont                                      isrt.obl(Dialogs.obs)
34   DialogSetInfo                                      isrt.obl(Dialogs.obs)
35   Disable                                            isrt.obl(Enable.obs)
36   DllSizeOf                                          isrt.obl(Str.obs)
37   Do                                                 isrt.obl(Misc.obs)
38   Enable                                             isrt.obl(Enable.obs)
39   EndCurrentDialog                                   isrt.obl(Dialogs.obs)
40   EndDialog                                          isrt.obl(CustomDialog.obs)
41   EnterDisk                                          isrt.obl(EnterDisk.obs)
42   EnterPassword                                      isrt.obl(EnterPasswordDlg.obs)
43   ExistsDir                                          isrt.obl(Files.obs)
44   ExistsDisk                                         isrt.obl(Files.obs)
45   ExitInstall                                        isrt.obl(Driver.obs)
46   EzDefineDialog                                     isrt.obl(CustomDialog.obs)
47   FeatureAddFileToLog                                isrt.obl(Feature.obs)
48   FeatureCompareSizeRequired                         isrt.obl(Feature.obs)
49   FeatureErrorInfo                                   isrt.obl(Feature.obs)
50   FeatureFilterLanguage                              isrt.obl(Feature.obs)
51   FeatureFilterOS                                    isrt.obl(Feature.obs)
52   FeatureGetData                                     isrt.obl(Feature.obs)
53   FeatureGetTotalCost                                isrt.obl(Feature.obs)
54   FeatureIsItemSelected                              isrt.obl(Feature.obs)
55   FeatureListItems                                   isrt.obl(Feature.obs)
56   FeaturePatch                                       isrt.obl(Feature.obs)
57   FeatureReinstall                                   isrt.obl(Feature.obs)
58   FeatureRemoveAllInLogOnly                          isrt.obl(Feature.obs)
59   FeatureRemoveAllInMedia                            isrt.obl(Feature.obs)
60   FeatureRemoveAllInMediaAndLog                      isrt.obl(Feature.obs)
61   FeatureSaveTarget                                  isrt.obl(Feature.obs)
62   FeatureSelectItem                                  isrt.obl(Feature.obs)
63   FeatureSelectNew                                   isrt.obl(Feature.obs)
64   FeatureTransferData                                isrt.obl(Feature.obs)
65   FeatureUpdate                                      isrt.obl(Feature.obs)
66   FeatureValidate                                    isrt.obl(Feature.obs)
67   FinalConstruct                                     ifx.obl(EventsPriv.obs)
68   FinalRelease                                       ifx.obl(EventsPriv.obs)
69   FindFile                                           isrt.obl(Files.obs)
70   FormatMessage                                      isrt.obl(Misc.obs)
71   GDI32.AddFontResource                              Setup.obs
72   GDI32.CreateRectRgn                                Setup.obs
73   GDI32.GetDeviceCaps                                Setup.obs
74   GDI32.RemoveFontResource                           Setup.obs
75   GetAddRemove                                       isrt.obl(SysVars.obs)
76   GetBillboard                                       isrt.obl(SysVars.obs)
77   GetCurrentDialogName                               isrt.obl(Dialogs.obs)
78   GetCurrentDir                                      isrt.obl(Files.obs)
79   GetDialogTitle                                     isrt.obl(Dialogs.obs)
80   GetDir                                             isrt.obl(Str.obs)
81   GetDisk                                            isrt.obl(Str.obs)
82   GetDiskSpace                                       isrt.obl(GSI.obs)
83   GetDiskSpaceEx                                     isrt.obl(GSI.obs)
84   GetEnabledIServices                                isrt.obl(SysVars.obs)
85   GetErrorMsg                                        isrt.obl(Dialogs.obs)
86   GetErrorTitle                                      isrt.obl(Dialogs.obs)
87   GetExtents                                         isrt.obl(GSI.obs)
88   GetFolderApplications                              isrt.obl(SysVars.obs)
89   GetFolderApplications64                            isrt.obl(SysVars.obs)
90   GetFolderFonts                                     isrt.obl(SysVars.obs)
91   GetISRes                                           isrt.obl(SysVars.obs)
92   GetInstallScriptMSI                                isrt.obl(SysVars.obs)
93   GetInstanceGUID                                    isrt.obl(SysVars.obs)
94   GetKeyPathWinCurrVerAuto                           isrt.obl(SysVars.obs)
95   GetLog                                             isrt.obl(SysVars.obs)
96   GetLogEx                                           isrt.obl(SysVars.obs)
97   GetMaintOption                                     isrt.obl(SysVars.obs)
98   GetMaintenance                                     isrt.obl(SysVars.obs)
99   GetMultiInstanceCount                              isrt.obl(SysVars.obs)
100  GetOpenFileMode                                    isrt.obl(Files.obs)
101  GetPackageLocation                                 isrt.obl(SysVars.obs)
102  GetProductGUID                                     isrt.obl(SysVars.obs)
103  GetProfString                                      isrt.obl(Profile.obs)
104  GetProgramFiles                                    isrt.obl(SysVars.obs)
105  GetReinstallMode                                   isrt.obl(SysVars.obs)
106  GetRemoveAllMode                                   isrt.obl(SysVars.obs)
107  GetRemoveOnly                                      isrt.obl(SysVars.obs)
108  GetSelectedLanguage                                isrt.obl(SysVars.obs)
109  GetSelectedTreeComponent                           isrt.obl(CmptView.obs)
110  GetShowPasswordDialog                              isrt.obl(SysVars.obs)
111  GetSupportDir                                      isrt.obl(SysVars.obs)
112  GetSystemInfo                                      isrt.obl(GSI.obs)
113  GetTempFolder                                      isrt.obl(SysVars.obs)
114  GetTrueTypeFontFileInfo                            isrt.obl(Misc.obs)
115  GetUserSelectableAuto                              isrt.obl(SysVars.obs)
116  GetWinDir                                          isrt.obl(SysVars.obs)
117  GetWinSysDir                                       isrt.obl(SysVars.obs)
118  GetWindowHandle                                    isrt.obl(Misc.obs)
119  HIBYTE                                             isrt.obl(Misc.obs)
120  HIWORD                                             isrt.obl(Misc.obs)
121  ISDeterminePlatform                                isrt.obl(OsInfo.obs)
122  ISMIF32.InstallStatusMIF                           isrt.obl(MIF.obs)
123  ISRT.ComponentViewSetInfoEx                        isrt.obl(Dialogs.obs)
124  ISRT.EnableHourGlass                               isrt.obl(Enable.obs)
125  ISRT.GetCPUType                                    isrt.obl(GSI.obs)
126  ISRT.GetFontSub                                    isrt.obl(Dialogs.obs)
127  ISRT.GetHandle                                     Setup.obs
128  ISRT.GetPorts                                      isrt.obl(GSI.obs)
129  ISRT.IsEmpty                                       Setup.obs
130  ISRT.IsNTAdmin                                     isrt.obl(Is.obs)
131  ISRT.IsObject                                      Setup.obs
132  ISRT.IsPowerUser                                   isrt.obl(Is.obs)
133  ISRT.LangLoadString                                isrt.obl(SDINT.obs)
134  ISRT.MessageBeepP                                  Setup.obs
135  ISRT.PathCompactPathPixel                          isrt.obl(CustomDialog.obs)
136  ISRT.PathGetDir                                    isrt.obl(Str.obs)
137  ISRT.PathGetDrive                                  isrt.obl(Str.obs)
138  ISRT.PathGetFile                                   isrt.obl(Files.obs)
139  ISRT.PathGetFileExt                                isrt.obl(Str.obs)
140  ISRT.PathGetFileName                               isrt.obl(Str.obs)
141  ISRT.PathGetPath                                   isrt.obl(Str.obs)
142  ISRT.PathGetSpecialFolder                          isrt.obl(SysVars.obs)
143  ISRT.PathIsValidSyntax                             isrt.obl(Is.obs)
144  ISRT._AppSearch                                    Setup.obs
145  ISRT._BrowseForFolder                              isrt.obl(SelectDir.obs)
146  ISRT._CCPSearch                                    Setup.obs
147  ISRT._CleanupInet                                  isrt.obl(MIO.obs)
148  ISRT._CloseFile                                    isrt.obl(Files.obs)
149  ISRT._CmdGetHwndDlg                                isrt.obl(CustomDialog.obs)
150  ISRT._ComponentCompareSizeRequired                 isrt.obl(Feature.obs)
151  ISRT._ComponentErrorInfo                           isrt.obl(Feature.obs)
152  ISRT._ComponentFilterLanguage                      isrt.obl(Feature.obs)
153  ISRT._ComponentFilterOS                            isrt.obl(Feature.obs)
154  ISRT._ComponentGetData                             isrt.obl(Feature.obs)
155  ISRT._ComponentGetTotalCost                        isrt.obl(Feature.obs)
156  ISRT._ComponentGetTotalCostEx                      isrt.obl(SdComponentTreeDlg.obs)
157  ISRT._ComponentIsItemSelected                      isrt.obl(Feature.obs)
158  ISRT._ComponentListItems                           isrt.obl(Feature.obs)
159  ISRT._ComponentPatch                               isrt.obl(Feature.obs)
160  ISRT._ComponentReinstall                           isrt.obl(Feature.obs)
161  ISRT._ComponentRemoveAll                           isrt.obl(Feature.obs)
162  ISRT._ComponentRemoveAllInLogOnly                  isrt.obl(Feature.obs)
163  ISRT._ComponentSaveTarget                          isrt.obl(Feature.obs)
164  ISRT._ComponentSelectItem                          isrt.obl(Feature.obs)
165  ISRT._ComponentSelectNew                           isrt.obl(Feature.obs)
166  ISRT._ComponentTransferData                        isrt.obl(Feature.obs)
167  ISRT._ComponentUpdate                              isrt.obl(Feature.obs)
168  ISRT._ComponentValidate                            isrt.obl(Feature.obs)
169  ISRT._CreateDir                                    isrt.obl(Files.obs)
170  ISRT._CreateRegistrySet                            isrt.obl(Feature.obs)
171  ISRT._CtrlGetNotificationCode                      isrt.obl(CustomDialog.obs)
172  ISRT._DIFxDriverPackageUninstall                   isrt.obl(ISDIFx.obs)
173  ISRT._DefineDialog                                 isrt.obl(CustomDialog.obs)
174  ISRT._DialogSetFont                                isrt.obl(Dialogs.obs)
175  ISRT._DisableStatus                                isrt.obl(Enable.obs)
176  ISRT._DoSprintf                                    isrt.obl(MsgBox.obs)
177  ISRT._EnableDialogCache                            isrt.obl(Enable.obs)
178  ISRT._EnablePrevDialog                             isrt.obl(AskDestPathDlg.obs)
179  ISRT._EnableSkins                                  isrt.obl(Enable.obs)
180  ISRT._EnableStatus                                 isrt.obl(Enable.obs)
181  ISRT._EnableWow64FsRedirection                     isrt.obl(Enable.obs)
182  ISRT._EndDialog                                    isrt.obl(CustomDialog.obs)
183  ISRT._ExistsDir                                    isrt.obl(Files.obs)
184  ISRT._ExistsDisk                                   isrt.obl(Files.obs)
185  ISRT._ExistsFile                                   isrt.obl(Files.obs)
186  ISRT._ExitInstall                                  Setup.obs
187  ISRT._GetCurrentDialogName                         isrt.obl(Dialogs.obs)
188  ISRT._GetDiskSpaceEx                               isrt.obl(GSI.obs)
189  ISRT._GetDiskSpaceExEx                             isrt.obl(SdComponentTreeDlg.obs)
190  ISRT._GetGlobalMemorySize                          isrt.obl(GSI.obs)
191  ISRT._GetProcessorInfo                             isrt.obl(OsInfo.obs)
192  ISRT._GetSelectedTreeComponent                     isrt.obl(CmptView.obs)
193  ISRT._GetSupportDir                                isrt.obl(SysVars.obs)
194  ISRT._GetTrueTypeFontFileInfo                      isrt.obl(Misc.obs)
195  ISRT._InetEndofTransfer                            isrt.obl(iftw.obs)
196  ISRT._InetGetNextDisk                              isrt.obl(iftw.obs)
197  ISRT._InitInstall                                  Setup.obs
198  ISRT._IsFontTypefaceNameAvailable                  isrt.obl(Is.obs)
199  ISRT._IsSkinLoaded                                 isrt.obl(Is.obs)
200  ISRT._IsWindowsME                                  isrt.obl(GSI.obs)
201  ISRT._IsWow64                                      isrt.obl(OsInfo.obs)
202  ISRT._ListAddItem                                  isrt.obl(scrlist.obs)
203  ISRT._ListAddString                                isrt.obl(scrlist.obs)
204  ISRT._ListCount                                    isrt.obl(scrlist.obs)
205  ISRT._ListCreate                                   isrt.obl(scrlist.obs)
206  ISRT._ListCurrentString                            isrt.obl(scrlist.obs)
207  ISRT._ListDeleteItem                               isrt.obl(scrlist.obs)
208  ISRT._ListDeleteString                             isrt.obl(scrlist.obs)
209  ISRT._ListDestroy                                  isrt.obl(scrlist.obs)
210  ISRT._ListFindString                               isrt.obl(scrlist.obs)
211  ISRT._ListGetFirstItem                             isrt.obl(scrlist.obs)
212  ISRT._ListGetFirstString                           isrt.obl(scrlist.obs)
213  ISRT._ListGetNextItem                              isrt.obl(scrlist.obs)
214  ISRT._ListGetNextString                            isrt.obl(scrlist.obs)
215  ISRT._ListGetType                                  isrt.obl(scrlist.obs)
216  ISRT._ListSetIndex                                 isrt.obl(scrlist.obs)
217  ISRT._MediaGetInfo                                 isrt.obl(Feature.obs)
218  ISRT._OnUninstPriv                                 Setup.obs
219  ISRT._OpenFile                                     isrt.obl(Files.obs)
220  ISRT._Preprogram                                   Setup.obs
221  ISRT._Rebooted                                     Setup.obs
222  ISRT._RegCreateKey                                 isrt.obl(Registry.obs)
223  ISRT._RegDeleteValue                               isrt.obl(Registry.obs)
224  ISRT._RegEnableTextSubs                            isrt.obl(Enable.obs)
225  ISRT._RegGetOptions                                isrt.obl(SysVars.obs)
226  ISRT._RegIsRemoteRegConnected                      isrt.obl(Is.obs)
227  ISRT._RegQueryKeyBinaryValue                       isrt.obl(Registry.obs)
228  ISRT._RegQueryKeyValue                             isrt.obl(Registry.obs)
229  ISRT._RegSetKeyBinaryValue                         isrt.obl(Registry.obs)
230  ISRT._RegSetKeyValue                               isrt.obl(Registry.obs)
231  ISRT._RegSetOptions                                isrt.obl(SysVars.obs)
232  ISRT._ReleaseDialog                                isrt.obl(CustomDialog.obs)
233  ISRT._SetAltMainImage                              isrt.obl(Dialogs.obs)
234  ISRT._SetDisplayEffect                             isrt.obl(ui.obs)
235  ISRT._SetPaletteFile                               isrt.obl(MIO.obs)
236  ISRT._SetSilentSdShowMsg                           isrt.obl(Enable.obs)
237  ISRT._SetTitle                                     isrt.obl(ui.obs)
238  ISRT._SetupInet                                    isrt.obl(MIO.obs)
239  ISRT._SetupTraceWrite                              isrt.obl(Misc.obs)
240  ISRT._ShowObjWizardPages                           isrt.obl(Objects.obs)
241  ISRT._ShowWizardPages                              Setup.obs
242  ISRT._StatusUpdate                                 isrt.obl(ui.obs)
243  ISRT._TreeViewCreate                               isrt.obl(CmptView.obs)
244  ISRT._WaitOnDialog                                 isrt.obl(CustomDialog.obs)
245  ISRT._WriteLine                                    isrt.obl(Files.obs)
246  ISRT.__CreateObjectContext                         isrt.obl(ISRTInit.obs)
247  ISRT.__GetCmdLineOptions                           isrt.obl(ISRTInit.obs)
248  ISRT.__GetContextGUID                              isrt.obl(ISRTInit.obs)
249  ISRT.__GetEnabledIServices                         isrt.obl(SysVars.obs)
250  ISRT.__GetFileRegistrar                            isrt.obl(ISRTInit.obs)
251  ISRT.__GetInfo                                     isrt.obl(ISRTInit.obs)
252  ISRT.__GetInstallGuid                              isrt.obl(SysVars.obs)
253  ISRT.__GetLog                                      isrt.obl(SysVars.obs)
254  ISRT.__GetLogDB                                    isrt.obl(ISRTInit.obs)
255  ISRT.__GetLogEx                                    isrt.obl(SysVars.obs)
256  ISRT.__GetMainWindow                               Setup.obs
257  ISRT.__GetMaintOption                              isrt.obl(SysVars.obs)
258  ISRT.__GetMaintenanceMode                          isrt.obl(SysVars.obs)
259  ISRT.__GetObjects                                  isrt.obl(ISRTInit.obs)
260  ISRT.__GetProductGuid                              isrt.obl(SysVars.obs)
261  ISRT.__GetProgress                                 Setup.obs
262  ISRT.__GetReboot                                   isrt.obl(ISRTInit.obs)
263  ISRT.__GetReinstallMode                            isrt.obl(SysVars.obs)
264  ISRT.__GetRemoveAllMode                            isrt.obl(SysVars.obs)
265  ISRT.__GetTextSub                                  isrt.obl(ISRTInit.obs)
266  ISRT.__GetUpdateMode                               isrt.obl(SysVars.obs)
267  ISRT.__GetUser                                     isrt.obl(MIO.obs)
268  ISRT.__ISRTGetPropertyBag                          ifx.obl(PersistPropertyBag.obs)
269  ISRT.__ISRTReleasePropertyBag                      ifx.obl(PersistPropertyBag.obs)
270  ISRT.__LoadString                                  isrt.obl(LoadStr.obs)
271  ISRT.__PutEnabledIServices                         isrt.obl(Enable.obs)
272  ISRT.__ReleaseObjectContext                        isrt.obl(ISRTInit.obs)
273  ISRT.__RestoreMainLog                              isrt.obl(ISRTInit.obs)
274  ISRT.__RestoreMainLogEx                            isrt.obl(ISRTInit.obs)
275  ISRT.__SetComponentLog                             isrt.obl(ISRTInit.obs)
276  ISRT.__SetUpdateMode                               isrt.obl(SysVars.obs)
277  ISRTHandleScriptException                          isrt.obl(Misc.obs)
278  ISRTOnUninstPriv                                   isrt.obl(Driver.obs)
279  ISRTPreprogram                                     isrt.obl(Driver.obs)
280  IfxFilterComponents                                ifx.obl(EventsSetupPriv.obs)
281  IfxFinalConstruct                                  ifx.obl(EventsSetupPriv.obs)
282  IfxFinalRelease                                    ifx.obl(EventsSetupPriv.obs)
283  IfxInitProperties                                  ifx.obl(PersistPropertyBag.obs)
284  IfxOnAbortInstall                                  ifx.obl(EventsPriv.obs)
285  IfxOnAppSearch                                     ifx.obl(EventsPriv.obs)
286  IfxOnCCPSearch                                     ifx.obl(EventsPriv.obs)
287  IfxOnCanceling                                     ifx.obl(EventsPriv.obs)
288  IfxOnDisk1Installed                                ifx.obl(EventsSetupPriv.obs)
289  IfxOnDisk1Installing                               ifx.obl(EventsSetupPriv.obs)
290  IfxOnExitInstall                                   ifx.obl(EventsSetupPriv.obs)
291  IfxOnFileError                                     ifx.obl(EventsSetupPriv.obs)
292  IfxOnFileLocked                                    ifx.obl(EventsSetupPriv.obs)
293  IfxOnFileReadOnly                                  ifx.obl(EventsSetupPriv.obs)
294  IfxOnGeneralScriptOp                               ifx.obl(EventsPriv.obs)
295  IfxOnHelp                                          ifx.obl(EventsPriv.obs)
296  IfxOnInitInstall                                   ifx.obl(EventsSetupPriv.obs)
297  IfxOnInternetError                                 ifx.obl(EventsSetupPriv.obs)
298  IfxOnMD5Error                                      ifx.obl(EventsSetupPriv.obs)
299  IfxOnNextDisk                                      ifx.obl(EventsSetupPriv.obs)
300  IfxOnRebooted                                      ifx.obl(EventsPriv.obs)
301  IfxOnRemovingSharedFile                            ifx.obl(EventsSetupPriv.obs)
302  IfxOnShowWizardPages                               ifx.obl(EventsSetupPriv.obs)
303  IfxOnTransferred                                   ifx.obl(EventsPriv.obs)
304  IfxOnTransferring                                  ifx.obl(EventsSetupPriv.obs)
305  IfxOnUnhandledException                            ifx.obl(EventsPriv.obs)
306  IfxOnUninst                                        ifx.obl(EventsSetupPriv.obs)
307  IfxOnUninstPriv                                    ifx.obl(EventsSetupPriv.obs)
308  IfxPostprogram                                     ifx.obl(EventsSetupPriv.obs)
309  IfxPreprogram                                      ifx.obl(EventsSetupPriv.obs)
310  IfxReadProperties                                  ifx.obl(PersistPropertyBag.obs)
311  IfxRunAfterReboot                                  ifx.obl(EventsSetupPriv.obs)
312  IfxWriteProperties                                 ifx.obl(PersistPropertyBag.obs)
313  InetEndofTransfer                                  isrt.obl(iftw.obs)
314  InetNextDisk                                       isrt.obl(iftw.obs)
315  InitInstall                                        isrt.obl(Driver.obs)
316  InitProperties                                     ifx.obl(PersistPropertyBag.obs)
317  Is                                                 isrt.obl(Is.obs)
318  IsInetInstall                                      isrt.obl(iftw.obs)
319  KERNEL.GetModuleHandle                             Setup.obs
320  KERNEL32.CloseHandle                               Setup.obs
321  KERNEL32.CreateFileA                               Setup.obs
322  KERNEL32.DeleteFileA                               Setup.obs
323  KERNEL32.FindClose                                 Setup.obs
324  KERNEL32.FindFirstFileA                            Setup.obs
325  KERNEL32.FindNextFileA                             Setup.obs
326  KERNEL32.FormatMessageA                            Setup.obs
327  KERNEL32.FreeLibrary                               Setup.obs
328  KERNEL32.GetCurrentDirectoryA                      Setup.obs
329  KERNEL32.GetDriveType                              Setup.obs
330  KERNEL32.GetFileAttributesA                        Setup.obs
331  KERNEL32.GetLocalTime                              Setup.obs
332  KERNEL32.GetLocaleInfo                             Setup.obs
333  KERNEL32.GetPrivateProfileString                   Setup.obs
334  KERNEL32.GetPrivateProfileStringA                  Setup.obs
335  KERNEL32.GetProcAddress                            Setup.obs
336  KERNEL32.GetProfileStringA                         Setup.obs
337  KERNEL32.GetSystemDefaultLCID                      Setup.obs
338  KERNEL32.GetSystemDefaultLangID                    Setup.obs
339  KERNEL32.GetSystemDefaultUILanguage                Setup.obs
340  KERNEL32.GetTickCount                              Setup.obs
341  KERNEL32.GetUserDefaultLangID                      Setup.obs
342  KERNEL32.GetVersion                                Setup.obs
343  KERNEL32.GetVersionEx                              Setup.obs
344  KERNEL32.GetVolumeInformation                      Setup.obs
345  KERNEL32.GetWindowsDirectory                       Setup.obs
346  KERNEL32.LoadLibraryA                              Setup.obs
347  KERNEL32.SetCurrentDirectoryA                      Setup.obs
348  KERNEL32.SetFileAttributesA                        Setup.obs
349  KERNEL32.Sleep                                     Setup.obs
350  KERNEL32.WritePrivateProfileString                 Setup.obs
351  KERNEL32.WritePrivateProfileStringA                Setup.obs
352  KERNEL32.WriteProfileStringA                       Setup.obs
353  KERNEL32.lstrlen                                   Setup.obs
354  LOBYTE                                             isrt.obl(Misc.obs)
355  LOWORD                                             isrt.obl(Misc.obs)
356  LaunchAppAndWaitInitStartupInfo                    isrt.obl(Extend.obs)
357  ListAddItem                                        isrt.obl(scrlist.obs)
358  ListAddString                                      isrt.obl(scrlist.obs)
359  ListCount                                          isrt.obl(scrlist.obs)
360  ListCreate                                         isrt.obl(scrlist.obs)
361  ListCurrentString                                  isrt.obl(scrlist.obs)
362  ListDeleteItem                                     isrt.obl(scrlist.obs)
363  ListDeleteString                                   isrt.obl(scrlist.obs)
364  ListDestroy                                        isrt.obl(scrlist.obs)
365  ListFindString                                     isrt.obl(scrlist.obs)
366  ListGetFirstItem                                   isrt.obl(scrlist.obs)
367  ListGetFirstString                                 isrt.obl(scrlist.obs)
368  ListGetNextItem                                    isrt.obl(scrlist.obs)
369  ListGetNextString                                  isrt.obl(scrlist.obs)
370  ListGetType                                        isrt.obl(scrlist.obs)
371  ListSetIndex                                       isrt.obl(scrlist.obs)
372  ListValid                                          isrt.obl(scrlist.obs)
373  ListValidType                                      isrt.obl(scrlist.obs)
374  LoadStringFromStringTable                          isrt.obl(Str.obs)
375  LogReadCustomString                                isrt.obl(Misc.obs)
376  LogReadCustomVariant                               isrt.obl(Misc.obs)
377  LogWriteCustomString                               isrt.obl(Misc.obs)
378  LogWriteCustomVariant                              isrt.obl(Misc.obs)
379  LongPathToQuote                                    isrt.obl(Str.obs)
380  MAKELONG                                           isrt.obl(Misc.obs)
381  MIFCreateMIFFile                                   isrt.obl(MIF.obs)
382  MIFDeleteMIFFile                                   isrt.obl(MIF.obs)
383  MIFInitialize                                      isrt.obl(MIF.obs)
384  MIFSetInformation                                  isrt.obl(MIF.obs)
385  MIFUnInitialize                                    isrt.obl(MIF.obs)
386  MIFWasSetInformationCalled                         isrt.obl(MIF.obs)
387  MIOShutdown                                        isrt.obl(MIO.obs)
388  MIOStartup                                         isrt.obl(MIO.obs)
389  MaintenanceStart                                   isrt.obl(Registry.obs)
390  MediaGetData                                       isrt.obl(Feature.obs)
391  MediaGetDataEx                                     isrt.obl(Feature.obs)
392  MessageBeep                                        isrt.obl(Misc.obs)
393  MessageBox                                         isrt.obl(MsgBox.obs)
394  MessageBoxEx                                       isrt.obl(MsgBox.obs)
395  OnAbort                                            ifx.obl(EventsSetup.obs)
396  OnAppSearch                                        ifx.obl(EventsSetup.obs)
397  OnBegin                                            ifx.obl(EventsSetup.obs)
398  OnCCPSearch                                        ifx.obl(EventsSetup.obs)
399  OnCanceling                                        ifx.obl(EventsSetup.obs)
400  OnCheckMediaPassword                               ifx.obl(EventsSetup.obs)
401  OnComponentError                                   ifx.obl(EventsSetup.obs)
402  OnCustomizeUninstInfo                              ifx.obl(EventsSetup.obs)
403  OnDIFxLogCallback                                  ifx.obl(EventsSetup.obs)
404  OnDIFxLogCallbackImpl                              isrt.obl(ISDIFx.obs)
405  OnEnd                                              ifx.obl(EventsSetup.obs)
406  OnFileError                                        ifx.obl(EventsSetup.obs)
407  OnFileLocked                                       ifx.obl(EventsSetup.obs)
408  OnFileReadOnly                                     ifx.obl(EventsSetup.obs)
409  OnFilterComponents                                 ifx.obl(EventsSetup.obs)
410  OnFirstUIAfter                                     ifx.obl(EventsSetup.obs)
411  OnFirstUIBefore                                    Setup.obs
412  OnHelp                                             ifx.obl(EventsSetup.obs)
413  OnIISAppPoolUninstalling                           ifx.obl(EventsPriv.obs)
414  OnIISCheckRequirements                             ifx.obl(EventsPriv.obs)
415  OnIISComponentInstalled                            ifx.obl(EventsPriv.obs)
416  OnIISInitialize                                    ifx.obl(EventsPriv.obs)
417  OnIISUninitialize                                  ifx.obl(EventsPriv.obs)
418  OnIISVRootUninstalling                             ifx.obl(EventsPriv.obs)
419  OnIISWebServiceExtensionUninstalling               ifx.obl(EventsPriv.obs)
420  OnInstallDRMService                                isrt.obl(Activation.obs)
421  OnInstalledFile                                    ifx.obl(EventsSetup.obs)
422  OnInstalledFontFile                                ifx.obl(EventsSetup.obs)
423  OnInstallingFile                                   ifx.obl(EventsSetup.obs)
424  OnInternetError                                    ifx.obl(EventsSetup.obs)
425  OnLaunchAppAndWaitCallback                         ifx.obl(EventsSetup.obs)
426  OnMD5Error                                         ifx.obl(EventsSetup.obs)
427  OnMaintUIAfter                                     ifx.obl(EventsSetup.obs)
428  OnMaintUIBefore                                    ifx.obl(EventsSetup.obs)
429  OnMoveData                                         ifx.obl(EventsSetup.obs)
430  OnMoved                                            Setup.obs
431  OnMoving                                           ifx.obl(EventsSetup.obs)
432  OnNetApiCreateUserAccount                          ifx.obl(EventsSetup.obs)
433  OnNetApiCreateUserAccountInternal                  isrt.obl(NetApiRT.obs)
434  OnNextDisk                                         ifx.obl(EventsSetup.obs)
435  OnRebooted                                         ifx.obl(EventsSetup.obs)
436  OnRemovingSharedFile                               ifx.obl(EventsSetup.obs)
437  OnSQLBatchScripts                                  ifx.obl(EventsPriv.obs)
438  OnSQLComponentInstalled                            ifx.obl(EventsPriv.obs)
439  OnSQLComponentUninstalled                          ifx.obl(EventsPriv.obs)
440  OnSQLServerInitialize                              ifx.obl(EventsPriv.obs)
441  OnSQLServerInitializeMaint                         ifx.obl(EventsPriv.obs)
442  OnSelfRegistrationError                            ifx.obl(EventsSetup.obs)
443  OnSetTARGETDIR                                     ifx.obl(EventsSetup.obs)
444  OnSetUpdateMode                                    ifx.obl(EventsSetup.obs)
445  OnShowUI                                           ifx.obl(EventsSetup.obs)
446  OnUnInstallDRMService                              isrt.obl(Activation.obs)
447  OnUnhandledException                               ifx.obl(EventsPriv.obs)
448  OnUninstall                                        ifx.obl(EventsSetup.obs)
449  OnUninstalledFile                                  ifx.obl(EventsSetup.obs)
450  OnUninstallingDIFxDriverFile                       ifx.obl(EventsSetup.obs)
451  OnUninstallingFile                                 Setup.obs
452  OnUninstallingFontFile                             ifx.obl(EventsSetup.obs)
453  OnUpdateUIAfter                                    ifx.obl(EventsSetup.obs)
454  OnUpdateUIBefore                                   ifx.obl(EventsSetup.obs)
455  OnXMLComponentInstalled                            ifx.obl(EventsPriv.obs)
456  OnXMLComponentUninstalling                         ifx.obl(EventsPriv.obs)
457  OnXMLInitialize                                    ifx.obl(EventsPriv.obs)
458  OnXMLUninitialize                                  ifx.obl(EventsPriv.obs)
459  OpenFileMode                                       isrt.obl(Files.obs)
460  PCRestoreInit                                      isrt.obl(PCRestore.obs)
461  PCRestoreOnAbort                                   isrt.obl(PCRestore.obs)
462  PCRestoreOnBegin                                   isrt.obl(PCRestore.obs)
463  PCRestoreOnExit                                    isrt.obl(PCRestore.obs)
464  ParsePath                                          isrt.obl(Str.obs)
465  Postprogram                                        ifx.obl(EventsSetupPriv.obs)
466  Preprogram                                         ifx.obl(EventsSetupPriv.obs)
467  ProgDefGroupType                                   isrt.obl(Shell.obs)
468  ProgGetGroupType                                   isrt.obl(Shell.obs)
469  PthFixPath                                         isrt.obl(Pth.obs)
470  PthIsAbsPath                                       isrt.obl(Pth.obs)
471  ReadProperties                                     ifx.obl(PersistPropertyBag.obs)
472  Rebooted                                           isrt.obl(Driver.obs)
473  RegDBDeleteValue                                   isrt.obl(Registry.obs)
474  RegDBGetItem                                       isrt.obl(Registry.obs)
475  RegDBGetKeyValueEx                                 isrt.obl(Registry.obs)
476  RegDBQueryValue                                    isrt.obl(Registry.obs)
477  RegDBQueryValue32                                  isrt.obl(Registry.obs)
478  RegDBSetItem                                       isrt.obl(Registry.obs)
479  RegDBSetKeyValueEx                                 isrt.obl(Registry.obs)
480  RegDBSetValue                                      isrt.obl(Registry.obs)
481  RegDBSetValue32                                    isrt.obl(Registry.obs)
482  RegDBSetVersion                                    isrt.obl(Registry.obs)
483  RegisterFontResource                               isrt.obl(Misc.obs)
484  ReleaseDialog                                      isrt.obl(CustomDialog.obs)
485  SdAskDestPath2                                     isrt.obl(SdAskDestPath2Dlg.obs)
486  SdCloseDlg                                         isrt.obl(SDINT.obs)
487  SdComponentDlgCheckSpace                           isrt.obl(SDINT.obs)
488  SdDlgToTop                                         isrt.obl(SDINT.obs)
489  SdDoStdButton                                      isrt.obl(SDINT.obs)
490  SdEnablement                                       isrt.obl(SDINT.obs)
491  SdError                                            isrt.obl(SDINT.obs)
492  SdExceptionsInit                                   isrt.obl(SdExceptions.obs)
493  SdFeatureTree                                      isrt.obl(SdComponentTreeDlg.obs)
494  SdFinish                                           isrt.obl(SdFinishDlg.obs)
495  SdFinishReboot                                     isrt.obl(SdFinishRebootDlg.obs)
496  SdFinishUpdateEx                                   isrt.obl(SdFinishUpdate.obs)
497  SdGeneralInit                                      isrt.obl(SDINT.obs)
498  SdInit                                             isrt.obl(SDINT.obs)
499  SdIsStdButton                                      isrt.obl(SDINT.obs)
500  SdLoadString                                       isrt.obl(SDINT.obs)
501  SdMakeName                                         isrt.obl(SDINT.obs)
502  SdPlugInProductName                                isrt.obl(SDINT.obs)
503  SdSetDlgTitle                                      isrt.obl(SDINT.obs)
504  SdSetStatic                                        isrt.obl(SDINT.obs)
505  SdStartCopy2                                       isrt.obl(SdStartCopy2Dlg.obs)
506  SdSubstituteProductInfo                            isrt.obl(SDINT.obs)
507  SdUnInit                                           isrt.obl(SDINT.obs)
508  SdWelcome                                          isrt.obl(SdWelcomeDlg.obs)
509  SdWelcomeMaint                                     isrt.obl(SdWelcomeMaintDlg.obs)
510  SelectDir                                          isrt.obl(SelectDir.obs)
511  SelectDirNoLog                                     isrt.obl(SelectDir.obs)
512  SendMessage                                        isrt.obl(Misc.obs)
513  ServiceInitParams                                  isrt.obl(Service.obs)
514  SetCmdLine                                         isrt.obl(SysVars.obs)
515  SetDialogTitle                                     isrt.obl(Dialogs.obs)
516  SetDisplayEffect                                   isrt.obl(ui.obs)
517  SetExtendedErrInfo                                 isrt.obl(IsUtil.obs)
518  SetFolderDesktop                                   isrt.obl(SysVars.obs)
519  SetFolderPrograms                                  isrt.obl(SysVars.obs)
520  SetFolderStartMenu                                 isrt.obl(SysVars.obs)
521  SetFolderStartup                                   isrt.obl(SysVars.obs)
522  SetStatus                                          ifx.obl(EventsSetupPriv.obs)
523  SetStatusEx                                        ifx.obl(EventsSetupPriv.obs)
524  SetStatusExStaticText                              isrt.obl(ui.obs)
525  SetStatusWindow                                    isrt.obl(ui.obs)
526  SetTitle                                           isrt.obl(ui.obs)
527  SetupTraceWrite                                    isrt.obl(Misc.obs)
528  ShowObjWizardPages                                 isrt.obl(Objects.obs)
529  ShowWizardPages                                    isrt.obl(Driver.obs)
530  SilentCreateFile                                   isrt.obl(Silent.obs)
531  SilentDoGeneralInfo                                isrt.obl(Silent.obs)
532  SilentFailed                                       isrt.obl(Silent.obs)
533  SilentFinish                                       isrt.obl(Silent.obs)
534  SilentInit                                         isrt.obl(Silent.obs)
535  SilentLogWriteData                                 isrt.obl(Silent.obs)
536  SilentReadData                                     isrt.obl(Silent.obs)
537  SilentSetInfo                                      isrt.obl(Silent.obs)
538  SilentSetMode                                      isrt.obl(Silent.obs)
539  SilentWriteData                                    isrt.obl(Silent.obs)
540  Sprintf                                            isrt.obl(Str.obs)
541  SprintfBox                                         isrt.obl(MsgBox.obs)
542  StatusUpdate                                       isrt.obl(ui.obs)
543  StrAddLastSlash                                    isrt.obl(Str.obs)
544  StrFindEx                                          isrt.obl(Str.obs)
545  StrGetTokens                                       isrt.obl(Str.obs)
546  StrLength                                          isrt.obl(Str.obs)
547  StrRemoveLastSlash                                 isrt.obl(Str.obs)
548  StrRemoveSpaces                                    isrt.obl(Str.obs)
549  StrReplace                                         isrt.obl(Str.obs)
550  StrToNumHex                                        isrt.obl(Str.obs)
551  StrToUpper                                         isrt.obl(Str.obs)
552  SysVarsInit                                        isrt.obl(SysVars.obs)
553  SysVarsTrace                                       isrt.obl(SysVars.obs)
554  SysVarsUnInit                                      isrt.obl(SysVars.obs)
555  System                                             isrt.obl(Misc.obs)
556  TextSubGetValue                                    isrt.obl(TextSub.obs)
557  TextSubParseTextSub                                isrt.obl(TextSub.obs)
558  TextSubSetValue                                    isrt.obl(TextSub.obs)
559  TextSubSubstitute                                  isrt.obl(TextSub.obs)
560  TreeViewCreate                                     isrt.obl(CmptView.obs)
561  USER.EnableWindow                                  Setup.obs
562  USER.GetClassName                                  Setup.obs
563  USER.GetDC                                         Setup.obs
564  USER.GetDlgItem                                    Setup.obs
565  USER.GetFocus                                      Setup.obs
566  USER.GetWindowLong                                 Setup.obs
567  USER.IsIconic                                      Setup.obs
568  USER.IsWindow                                      Setup.obs
569  USER.IsWindowVisible                               Setup.obs
570  USER.PostMessage                                   Setup.obs
571  USER.ReleaseDC                                     Setup.obs
572  USER.SendMessageA                                  Setup.obs
573  USER.SetFocus                                      Setup.obs
574  USER.SetForegroundWindow                           Setup.obs
575  USER.SetWindowPos                                  Setup.obs
576  USER.SetWindowText                                 Setup.obs
577  USER.ShowWindow                                    Setup.obs
578  USER32.CharUpperBuffA                              Setup.obs
579  USER32.DispatchMessage                             Setup.obs
580  USER32.GetSystemMetrics                            Setup.obs
581  USER32.GetWindowText                               Setup.obs
582  USER32.GetWindowTextLength                         Setup.obs
583  USER32.MessageBoxA                                 Setup.obs
584  USER32.PeekMessageA                                Setup.obs
585  USER32.SendMessageA                                Setup.obs
586  USER32.SetWindowLong                               Setup.obs
587  USER32.SetWindowRgn                                Setup.obs
588  USER32.TranslateMessage                            Setup.obs
589  UpdateServiceCheckForUpdates                       isrt.obl(ISUpdateService.obs)
590  UpdateServiceEnableUpdateService                   isrt.obl(ISUpdateService.obs)
591  UpdateServiceInit                                  isrt.obl(ISUpdateService.obs)
592  UpdateServiceRegisterAfterReboot                   isrt.obl(ISUpdateService.obs)
593  UpdateServiceRegisterProductEx                     isrt.obl(ISUpdateService.obs)
594  VarInit                                            isrt.obl(SysVars.obs)
595  VarRestore                                         isrt.obl(SysVars.obs)
596  VarRestoreISRT                                     isrt.obl(SysVars.obs)
597  VarSave                                            isrt.obl(SysVars.obs)
598  VarSaveISRT                                        isrt.obl(SysVars.obs)
599  VerProductCompareVersions                          isrt.obl(version.obs)
600  VerProductGetInstalledVersion                      isrt.obl(version.obs)
601  VerProductIsVersionSupported                       isrt.obl(version.obs)
602  VerProductNumToStr                                 isrt.obl(version.obs)
603  VerProductStrToNum                                 isrt.obl(version.obs)
604  VerProductVerFromVerParts                          isrt.obl(version.obs)
605  VerProductVerPartsFromVer                          isrt.obl(version.obs)
606  WaitOnDialog                                       isrt.obl(CustomDialog.obs)
607  WizardDirection                                    ifx.obl(EventsSetupPriv.obs)
608  WriteLine                                          isrt.obl(Files.obs)
609  WriteProfInt                                       isrt.obl(Profile.obs)
610  WriteProfString                                    isrt.obl(Profile.obs)
611  WriteProperties                                    ifx.obl(PersistPropertyBag.obs)
612  __ISRTDoExit                                       isrt.obl(Misc.obs)
613  __ISRTInit                                         isrt.obl(ISRTInit.obs)
614  __ISRTRestoreMainLog                               isrt.obl(ISRTInit.obs)
615  __ISRTRestoreMainLogEx                             isrt.obl(ISRTInit.obs)
616  __ISRTSetComponentLog                              isrt.obl(ISRTInit.obs)
617  __ISRTUnInit                                       isrt.obl(ISRTInit.obs)
618  __LoadIScriptString                                isrt.obl(LoadStr.obs)
619  program                                            ifx.obl(EventsSetupPriv.obs)
620  sfc.SRSetRestorePoint                              Setup.obs


***** External Variables *****
1    ADDREMOVE                                          isrt.obl(DebugSymbols.obs)
2    ADDREMOVE_COMBINEDBUTTON                           Setup.obs
3    ADDREMOVE_HIDECHANGEOPTION                         Setup.obs
4    ADDREMOVE_HIDEREMOVEOPTION                         Setup.obs
5    ADDREMOVE_HIDEREPAIROPTION                         Setup.obs
6    ADDREMOVE_STRING_REMOVEONLY                        Setup.obs
7    ADDREMOVE_SYSTEMCOMPONENT                          Setup.obs
8    ADMINUSER                                          Setup.obs
9    ALLUSERS                                           Setup.obs
10   BASICMSI                                           isrt.obl(DebugSymbols.obs)
11   BATCH_INSTALL                                      Setup.obs
12   CMDLINE                                            isrt.obl(DebugSymbols.obs)
13   COMMONFILES                                        isrt.obl(DebugSymbols.obs)
14   COMMONFILES64                                      isrt.obl(DebugSymbols.obs)
15   DISABLE_ALLUSERBTN                                 Setup.obs
16   DISABLE_PERUSERBTN                                 Setup.obs
17   DISK1SETUPEXENAME                                  isrt.obl(DebugSymbols.obs)
18   DISK1TARGET                                        Setup.obs
19   ENABLED_ISERVICES                                  isrt.obl(DebugSymbols.obs)
20   ENGINECOMMONDIR                                    isrt.obl(DebugSymbols.obs)
21   ENGINEDIR                                          isrt.obl(DebugSymbols.obs)
22   ERRORFILENAME                                      Setup.obs
23   Err                                                Setup.obs
24   FILETIME                                           Setup.obs
25   FIND_DATA                                          Setup.obs
26   FOLDER_APPDATA                                     isrt.obl(DebugSymbols.obs)
27   FOLDER_COMMON_APPDATA                              isrt.obl(DebugSymbols.obs)
28   FOLDER_DESKTOP                                     isrt.obl(DebugSymbols.obs)
29   FOLDER_DOTNET_10                                   isrt.obl(DebugSymbols.obs)
30   FOLDER_DOTNET_11                                   isrt.obl(DebugSymbols.obs)
31   FOLDER_DOTNET_20                                   isrt.obl(DebugSymbols.obs)
32   FOLDER_FONTS                                       isrt.obl(DebugSymbols.obs)
33   FOLDER_LOCAL_APPDATA                               isrt.obl(DebugSymbols.obs)
34   FOLDER_PERSONAL                                    isrt.obl(DebugSymbols.obs)
35   FOLDER_PROGRAMS                                    isrt.obl(DebugSymbols.obs)
36   FOLDER_STARTMENU                                   isrt.obl(DebugSymbols.obs)
37   FOLDER_STARTUP                                     isrt.obl(DebugSymbols.obs)
38   FOLDER_TEMP                                        isrt.obl(DebugSymbols.obs)
39   FileRegistrar                                      Setup.obs
40   HKEYCURRENTROOTKEY                                 Setup.obs
41   IFX_COMPANY_NAME                                   Setup.obs
42   IFX_DISK1INSTALLED                                 Setup.obs
43   IFX_INITIALIZED                                    Setup.obs
44   IFX_INSTALLED_DISPLAY_VERSION                      Setup.obs
45   IFX_INSTALLED_VERSION                              Setup.obs
46   IFX_KEYPATH_PRODUCT_INFO                           Setup.obs
47   IFX_MULTI_INSTANCE_SUFFIX                          Setup.obs
48   IFX_PRODUCT_COMMENTS                               Setup.obs
49   IFX_PRODUCT_DISPLAY_NAME                           Setup.obs
50   IFX_PRODUCT_DISPLAY_VERSION                        Setup.obs
51   IFX_PRODUCT_ICON                                   Setup.obs
52   IFX_PRODUCT_KEY                                    Setup.obs
53   IFX_PRODUCT_NAME                                   Setup.obs
54   IFX_PRODUCT_README                                 Setup.obs
55   IFX_PRODUCT_REGISTEREDCOMPANY                      Setup.obs
56   IFX_PRODUCT_REGISTEREDOWNER                        Setup.obs
57   IFX_PRODUCT_REGISTEREDSERIALNUM                    Setup.obs
58   IFX_PRODUCT_SUPPORT_CONTACT                        Setup.obs
59   IFX_PRODUCT_SUPPORT_PHONE                          Setup.obs
60   IFX_PRODUCT_SUPPORT_URL                            Setup.obs
61   IFX_PRODUCT_UPDATE_URL                             Setup.obs
62   IFX_PRODUCT_URL                                    Setup.obs
63   IFX_PRODUCT_VERSION                                Setup.obs
64   IFX_SETUP_TITLE                                    Setup.obs
65   IFX_SUPPORTED_VERSIONS                             Setup.obs
66   IISROOTFOLDER                                      isrt.obl(DebugSymbols.obs)
67   INSTALLSCRIPTMSI                                   isrt.obl(DebugSymbols.obs)
68   INSTANCE_GUID                                      isrt.obl(DebugSymbols.obs)
69   ISDIFXAPPID                                        Setup.obs
70   ISRES                                              isrt.obl(DebugSymbols.obs)
71   ISUSER                                             isrt.obl(DebugSymbols.obs)
72   ISUTIL_FUNCTION_ACTUAL_ERROR                       Setup.obs
73   ISUTIL_LINE_NUMBER                                 Setup.obs
74   ISUTIL_SCRIPT_FILE                                 Setup.obs
75   ISVERSION                                          isrt.obl(DebugSymbols.obs)
76   InetSRCDIR                                         Setup.obs
77   LAAW_PARAMETERS                                    Setup.obs
78   LAAW_STARTUPINFO                                   Setup.obs
79   LAST_RESULT                                        Setup.obs
80   LogDB                                              Setup.obs
81   MAINTENANCE                                        isrt.obl(DebugSymbols.obs)
82   MAINT_OPTION                                       isrt.obl(DebugSymbols.obs)
83   MEDIA                                              Setup.obs
84   MEDIA_INFO                                         isrt.obl(Feature.obs)
85   MODE                                               Setup.obs
86   MSG                                                Setup.obs
87   MULTI_INSTANCE_COUNT                               isrt.obl(DebugSymbols.obs)
88   MainWindow                                         Setup.obs
89   NOTHING                                            Setup.obs
90   OSINFO_PLATFORM_INFO                               Setup.obs
91   OSINFO_PROCESSOR_INFO                              Setup.obs
92   OSVERSIONINFO                                      Setup.obs
93   OSVERSIONINFOEX                                    Setup.obs
94   Objects                                            Setup.obs
95   PACKAGE_LOCATION                                   isrt.obl(DebugSymbols.obs)
96   POINT                                              Setup.obs
97   PRIVILEGED                                         Setup.obs
98   PRODUCT_GUID                                       isrt.obl(DebugSymbols.obs)
99   PROGRAMFILES                                       isrt.obl(DebugSymbols.obs)
100  PROGRAMFILES64                                     isrt.obl(DebugSymbols.obs)
101  RECT                                               Setup.obs
102  REGDB_OPTIONS                                      Setup.obs
103  REINSTALLMODE                                      isrt.obl(DebugSymbols.obs)
104  REMOVEALLMODE                                      isrt.obl(DebugSymbols.obs)
105  REMOVEONLY                                         isrt.obl(DebugSymbols.obs)
106  RUN_ONCE_PROGRAM                                   isrt.obl(DebugSymbols.obs)
107  Reboot                                             Setup.obs
108  SELECTED_LANGUAGE                                  isrt.obl(DebugSymbols.obs)
109  SERVICE_IS_PARAMS                                  Setup.obs
110  SETUPTYPE_STR_COMPACT                              Setup.obs
111  SETUPTYPE_STR_COMPLETE                             Setup.obs
112  SETUPTYPE_STR_CUSTOM                               Setup.obs
113  SETUPTYPE_STR_TYPICAL                              Setup.obs
114  SHELL_OBJECT_FOLDER                                Setup.obs
115  SHOW_PASSWORD_DIALOG                               isrt.obl(DebugSymbols.obs)
116  SRCDIR                                             Setup.obs
117  SRCDISK                                            isrt.obl(DebugSymbols.obs)
118  STARTUPINFO                                        Setup.obs
119  SUPPORTDIR                                         isrt.obl(DebugSymbols.obs)
120  SYSTEMTIME                                         Setup.obs
121  SetupInfo                                          Setup.obs
122  StatusDlg                                          Setup.obs
123  TARGETDIR                                          Setup.obs
124  TARGETDISK                                         isrt.obl(DebugSymbols.obs)
125  TextSub                                            Setup.obs
126  UNINST                                             Setup.obs
127  UNINSTALLKEY                                       Setup.obs
128  UNINSTALL_DISPLAYNAME                              Setup.obs
129  UNINSTALL_STRING                                   Setup.obs
130  UPDATEMODE                                         Setup.obs
131  WINDIR                                             isrt.obl(DebugSymbols.obs)
132  WINDISK                                            isrt.obl(DebugSymbols.obs)
133  WINSYSDIR                                          isrt.obl(DebugSymbols.obs)
134  WINSYSDIR64                                        isrt.obl(DebugSymbols.obs)
135  WINSYSDISK                                         isrt.obl(DebugSymbols.obs)
136  _FONTFILEINFO                                      Setup.obs
137  _INT64                                             Setup.obs
138  _ISDIFXINSTALLERINFO                               isrt.obl(ISDIFx.obs)
139  _LAAW_PARAMETERS                                   Setup.obs
140  _RESTOREINFO_                                      Setup.obs
141  _RESTOREPTINFO                                     Setup.obs
142  _SERVICE_IS_PARAMS                                 Setup.obs
143  _SMGRSTATUS                                        Setup.obs
144  _SMGSTATUS_                                        Setup.obs
145  _WIN9X                                             Setup.obs
146  _WINNT                                             Setup.obs
147  __SYSTEMINFORMATION                                Setup.obs
148  __SYSTEMPROCESSORINFORMATION                       Setup.obs
149  __hContext                                         isrt.obl(Activation.obs)
150  __objGlobalTextSub                                 Setup.obs
151  __szGUID                                           isrt.obl(ISRTInit.obs)
152  bBackButton                                        Setup.obs
153  bCancelButton                                      Setup.obs
154  bEnterDiskBeep                                     isrt.obl(AskDestPathDlg.obs)
155  bFinishButton                                      Setup.obs
156  bIFXLFNoToAll                                      Setup.obs
157  bIFXLFOnRebootToAll                                Setup.obs
158  bIFXLFYesToAll                                     Setup.obs
159  bIFXMD5IgnoreToAll                                 Setup.obs
160  bIFXRONoToAll                                      Setup.obs
161  bIFXROYesToAll                                     Setup.obs
162  bIFXSFNoToAll                                      Setup.obs
163  bIFXSFYesToAll                                     Setup.obs
164  bIfxPCHInitialized                                 Setup.obs
165  bIfxPCHOn                                          Setup.obs
166  bInstall16                                         Setup.obs
167  bNextButton                                        Setup.obs
168  bSdInit                                            Setup.obs
169  bViewCmptKunits                                    Setup.obs
170  bViewCmptUseDecimal                                Setup.obs
171  g_bSuppressMissingStringWarning                    isrt.obl(Enable.obs)
172  nIfxPCHType                                        Setup.obs
173  szAppKey                                           Setup.obs
174  szSdProduct                                        Setup.obs
175  szSdStr_NotEnoughSpace                             Setup.obs
